Archive member included to satisfy reference by file (symbol)

c:/progra~2/gnuarm~1/102021~1.10/bin/../lib/gcc/arm-none-eabi/10.3.1/thumb/v7-m/nofp\libgcc.a(_arm_muldf3.o)
                              CMakeFiles/uarttest.elf.dir/Servo/Src/Servo.c.obj (__aeabi_dmul)
c:/progra~2/gnuarm~1/102021~1.10/bin/../lib/gcc/arm-none-eabi/10.3.1/thumb/v7-m/nofp\libgcc.a(_arm_addsubdf3.o)
                              CMakeFiles/uarttest.elf.dir/Servo/Src/Servo.c.obj (__aeabi_dadd)
c:/progra~2/gnuarm~1/102021~1.10/bin/../lib/gcc/arm-none-eabi/10.3.1/thumb/v7-m/nofp\libgcc.a(_arm_muldivdf3.o)
                              CMakeFiles/uarttest.elf.dir/Servo/Src/Servo.c.obj (__aeabi_ddiv)
c:/progra~2/gnuarm~1/102021~1.10/bin/../lib/gcc/arm-none-eabi/10.3.1/thumb/v7-m/nofp\libgcc.a(_arm_fixunsdfsi.o)
                              CMakeFiles/uarttest.elf.dir/Servo/Src/Servo.c.obj (__aeabi_d2uiz)
c:/progra~2/gnuarm~1/102021~1.10/bin/../lib/gcc/arm-none-eabi/10.3.1/../../../../arm-none-eabi/lib/thumb/v7-m/nofp\libg.a(lib_a-errno.o)
                              CMakeFiles/uarttest.elf.dir/Core/Src/syscalls.c.obj (__errno)
c:/progra~2/gnuarm~1/102021~1.10/bin/../lib/gcc/arm-none-eabi/10.3.1/../../../../arm-none-eabi/lib/thumb/v7-m/nofp\libg.a(lib_a-exit.o)
                              c:/progra~2/gnuarm~1/102021~1.10/bin/../lib/gcc/arm-none-eabi/10.3.1/../../../../arm-none-eabi/lib/thumb/v7-m/nofp/crt0.o (exit)
c:/progra~2/gnuarm~1/102021~1.10/bin/../lib/gcc/arm-none-eabi/10.3.1/../../../../arm-none-eabi/lib/thumb/v7-m/nofp\libg.a(lib_a-impure.o)
                              c:/progra~2/gnuarm~1/102021~1.10/bin/../lib/gcc/arm-none-eabi/10.3.1/../../../../arm-none-eabi/lib/thumb/v7-m/nofp\libg.a(lib_a-exit.o) (_global_impure_ptr)
c:/progra~2/gnuarm~1/102021~1.10/bin/../lib/gcc/arm-none-eabi/10.3.1/../../../../arm-none-eabi/lib/thumb/v7-m/nofp\libg.a(lib_a-init.o)
                              c:/progra~2/gnuarm~1/102021~1.10/bin/../lib/gcc/arm-none-eabi/10.3.1/../../../../arm-none-eabi/lib/thumb/v7-m/nofp/crt0.o (__libc_init_array)
c:/progra~2/gnuarm~1/102021~1.10/bin/../lib/gcc/arm-none-eabi/10.3.1/../../../../arm-none-eabi/lib/thumb/v7-m/nofp\libg.a(lib_a-memset.o)
                              c:/progra~2/gnuarm~1/102021~1.10/bin/../lib/gcc/arm-none-eabi/10.3.1/../../../../arm-none-eabi/lib/thumb/v7-m/nofp/crt0.o (memset)
c:/progra~2/gnuarm~1/102021~1.10/bin/../lib/gcc/arm-none-eabi/10.3.1/../../../../arm-none-eabi/lib/thumb/v7-m/nofp\libg.a(lib_a-__call_atexit.o)
                              c:/progra~2/gnuarm~1/102021~1.10/bin/../lib/gcc/arm-none-eabi/10.3.1/../../../../arm-none-eabi/lib/thumb/v7-m/nofp\libg.a(lib_a-exit.o) (__call_exitprocs)
c:/progra~2/gnuarm~1/102021~1.10/bin/../lib/gcc/arm-none-eabi/10.3.1/../../../../arm-none-eabi/lib/thumb/v7-m/nofp\libg.a(lib_a-atexit.o)
                              c:/progra~2/gnuarm~1/102021~1.10/bin/../lib/gcc/arm-none-eabi/10.3.1/../../../../arm-none-eabi/lib/thumb/v7-m/nofp\libg.a(lib_a-__call_atexit.o) (atexit)
c:/progra~2/gnuarm~1/102021~1.10/bin/../lib/gcc/arm-none-eabi/10.3.1/../../../../arm-none-eabi/lib/thumb/v7-m/nofp\libg.a(lib_a-fini.o)
                              c:/progra~2/gnuarm~1/102021~1.10/bin/../lib/gcc/arm-none-eabi/10.3.1/../../../../arm-none-eabi/lib/thumb/v7-m/nofp\libg.a(lib_a-__call_atexit.o) (__libc_fini_array)
c:/progra~2/gnuarm~1/102021~1.10/bin/../lib/gcc/arm-none-eabi/10.3.1/../../../../arm-none-eabi/lib/thumb/v7-m/nofp\libg.a(lib_a-lock.o)
                              c:/progra~2/gnuarm~1/102021~1.10/bin/../lib/gcc/arm-none-eabi/10.3.1/../../../../arm-none-eabi/lib/thumb/v7-m/nofp\libg.a(lib_a-__call_atexit.o) (__retarget_lock_acquire_recursive)
c:/progra~2/gnuarm~1/102021~1.10/bin/../lib/gcc/arm-none-eabi/10.3.1/../../../../arm-none-eabi/lib/thumb/v7-m/nofp\libg.a(lib_a-__atexit.o)
                              c:/progra~2/gnuarm~1/102021~1.10/bin/../lib/gcc/arm-none-eabi/10.3.1/../../../../arm-none-eabi/lib/thumb/v7-m/nofp\libg.a(lib_a-atexit.o) (__register_exitproc)

Discarded input sections

 .text          0x00000000        0x0 c:/progra~2/gnuarm~1/102021~1.10/bin/../lib/gcc/arm-none-eabi/10.3.1/thumb/v7-m/nofp/crti.o
 .data          0x00000000        0x0 c:/progra~2/gnuarm~1/102021~1.10/bin/../lib/gcc/arm-none-eabi/10.3.1/thumb/v7-m/nofp/crti.o
 .bss           0x00000000        0x0 c:/progra~2/gnuarm~1/102021~1.10/bin/../lib/gcc/arm-none-eabi/10.3.1/thumb/v7-m/nofp/crti.o
 .data          0x00000000        0x4 c:/progra~2/gnuarm~1/102021~1.10/bin/../lib/gcc/arm-none-eabi/10.3.1/thumb/v7-m/nofp/crtbegin.o
 .rodata        0x00000000       0x24 c:/progra~2/gnuarm~1/102021~1.10/bin/../lib/gcc/arm-none-eabi/10.3.1/thumb/v7-m/nofp/crtbegin.o
 .text          0x00000000       0x7c c:/progra~2/gnuarm~1/102021~1.10/bin/../lib/gcc/arm-none-eabi/10.3.1/../../../../arm-none-eabi/lib/thumb/v7-m/nofp/crt0.o
[...]
Memory Configuration

Name             Origin             Length             Attributes
RAM              0x20000000         0x00010000         xrw
FLASH            0x08000000         0x00080000         xr
*default*        0x00000000         0xffffffff

Linker script and memory map

LOAD c:/progra~2/gnuarm~1/102021~1.10/bin/../lib/gcc/arm-none-eabi/10.3.1/thumb/v7-m/nofp/crti.o
LOAD c:/progra~2/gnuarm~1/102021~1.10/bin/../lib/gcc/arm-none-eabi/10.3.1/thumb/v7-m/nofp/crtbegin.o
LOAD c:/progra~2/gnuarm~1/102021~1.10/bin/../lib/gcc/arm-none-eabi/10.3.1/../../../../arm-none-eabi/lib/thumb/v7-m/nofp/crt0.o
LOAD CMakeFiles/uarttest.elf.dir/Core/Src/main.c.obj
LOAD CMakeFiles/uarttest.elf.dir/Core/Src/stm32f1xx_hal_msp.c.obj
LOAD CMakeFiles/uarttest.elf.dir/Core/Src/stm32f1xx_it.c.obj
LOAD CMakeFiles/uarttest.elf.dir/Core/Src/syscalls.c.obj
LOAD CMakeFiles/uarttest.elf.dir/Core/Src/sysmem.c.obj
LOAD CMakeFiles/uarttest.elf.dir/Core/Src/system_stm32f1xx.c.obj
LOAD CMakeFiles/uarttest.elf.dir/Core/Startup/startup_stm32f103zetx.s.obj
LOAD CMakeFiles/uarttest.elf.dir/Drivers/STM32F1xx_HAL_Driver/Src/stm32f1xx_hal.c.obj
LOAD CMakeFiles/uarttest.elf.dir/Drivers/STM32F1xx_HAL_Driver/Src/stm32f1xx_hal_cortex.c.obj
LOAD CMakeFiles/uarttest.elf.dir/Drivers/STM32F1xx_HAL_Driver/Src/stm32f1xx_hal_dma.c.obj
LOAD CMakeFiles/uarttest.elf.dir/Drivers/STM32F1xx_HAL_Driver/Src/stm32f1xx_hal_exti.c.obj
LOAD CMakeFiles/uarttest.elf.dir/Drivers/STM32F1xx_HAL_Driver/Src/stm32f1xx_hal_flash.c.obj
LOAD CMakeFiles/uarttest.elf.dir/Drivers/STM32F1xx_HAL_Driver/Src/stm32f1xx_hal_flash_ex.c.obj
LOAD CMakeFiles/uarttest.elf.dir/Drivers/STM32F1xx_HAL_Driver/Src/stm32f1xx_hal_gpio.c.obj
LOAD CMakeFiles/uarttest.elf.dir/Drivers/STM32F1xx_HAL_Driver/Src/stm32f1xx_hal_gpio_ex.c.obj
LOAD CMakeFiles/uarttest.elf.dir/Drivers/STM32F1xx_HAL_Driver/Src/stm32f1xx_hal_pwr.c.obj
LOAD CMakeFiles/uarttest.elf.dir/Drivers/STM32F1xx_HAL_Driver/Src/stm32f1xx_hal_rcc.c.obj
LOAD CMakeFiles/uarttest.elf.dir/Drivers/STM32F1xx_HAL_Driver/Src/stm32f1xx_hal_rcc_ex.c.obj
LOAD CMakeFiles/uarttest.elf.dir/Drivers/STM32F1xx_HAL_Driver/Src/stm32f1xx_hal_tim.c.obj
LOAD CMakeFiles/uarttest.elf.dir/Drivers/STM32F1xx_HAL_Driver/Src/stm32f1xx_hal_tim_ex.c.obj
LOAD CMakeFiles/uarttest.elf.dir/Drivers/STM32F1xx_HAL_Driver/Src/stm32f1xx_hal_uart.c.obj
LOAD CMakeFiles/uarttest.elf.dir/Servo/Src/Servo.c.obj
LOAD CMakeFiles/uarttest.elf.dir/movementsTable/movementTable.c.obj
START GROUP
LOAD c:/progra~2/gnuarm~1/102021~1.10/bin/../lib/gcc/arm-none-eabi/10.3.1/thumb/v7-m/nofp\libgcc.a
LOAD c:/progra~2/gnuarm~1/102021~1.10/bin/../lib/gcc/arm-none-eabi/10.3.1/../../../../arm-none-eabi/lib/thumb/v7-m/nofp\libg.a
LOAD c:/progra~2/gnuarm~1/102021~1.10/bin/../lib/gcc/arm-none-eabi/10.3.1/../../../../arm-none-eabi/lib/thumb/v7-m/nofp\libc.a
END GROUP
LOAD c:/progra~2/gnuarm~1/102021~1.10/bin/../lib/gcc/arm-none-eabi/10.3.1/thumb/v7-m/nofp/crtend.o
LOAD c:/progra~2/gnuarm~1/102021~1.10/bin/../lib/gcc/arm-none-eabi/10.3.1/thumb/v7-m/nofp/crtn.o
                0x20010000                _estack = (ORIGIN (RAM) + LENGTH (RAM))
                0x00000200                _Min_Heap_Size = 0x200
                0x00000400                _Min_Stack_Size = 0x400

.isr_vector     0x08000000      0x1e4
                0x08000000                . = ALIGN (0x4)
 *(.isr_vector)
 .isr_vector    0x08000000      0x1e4 CMakeFiles/uarttest.elf.dir/Core/Startup/startup_stm32f103zetx.s.obj
                0x08000000                g_pfnVectors
                0x080001e4                . = ALIGN (0x4)

.text           0x080001e8     0xe33c
                0x080001e8                . = ALIGN (0x4)
 *(.text)
 .text          0x080001e8       0x40 c:/progra~2/gnuarm~1/102021~1.10/bin/../lib/gcc/arm-none-eabi/10.3.1/thumb/v7-m/nofp/crtbegin.o
 .text          0x08000228      0x378 c:/progra~2/gnuarm~1/102021~1.10/bin/../lib/gcc/arm-none-eabi/10.3.1/thumb/v7-m/nofp\libgcc.a(_arm_addsubdf3.o)
                0x08000228                __aeabi_drsub
                0x08000230                __aeabi_dsub
                0x08000230                __subdf3
                0x08000234                __aeabi_dadd
                0x08000234                __adddf3
                0x080004ac                __floatunsidf
                0x080004ac                __aeabi_ui2d
                0x080004cc                __floatsidf
                0x080004cc                __aeabi_i2d
                0x080004f0                __aeabi_f2d
                0x080004f0                __extendsfdf2
                0x08000534                __floatundidf
                0x08000534                __aeabi_ul2d
                0x08000544                __floatdidf
                0x08000544                __aeabi_l2d
 .text          0x080005a0      0x424 c:/progra~2/gnuarm~1/102021~1.10/bin/../lib/gcc/arm-none-eabi/10.3.1/thumb/v7-m/nofp\libgcc.a(_arm_muldivdf3.o)
                0x080005a0                __aeabi_dmul
                0x080005a0                __muldf3
                0x080007f4                __divdf3
                0x080007f4                __aeabi_ddiv
 *(.text*)
 .text.MX_GPIO_Init
                0x080009c4       0x54 CMakeFiles/uarttest.elf.dir/Core/Src/main.c.obj
 .text.Error_Handler
                0x08000a18        0x4 CMakeFiles/uarttest.elf.dir/Core/Src/main.c.obj
                0x08000a18                Error_Handler
 .text.MX_USART1_UART_Init
                0x08000a1c       0x34 CMakeFiles/uarttest.elf.dir/Core/Src/main.c.obj
 .text.MX_USART2_UART_Init
                0x08000a50       0x34 CMakeFiles/uarttest.elf.dir/Core/Src/main.c.obj
 .text.MX_USART3_UART_Init
                0x08000a84       0x34 CMakeFiles/uarttest.elf.dir/Core/Src/main.c.obj
 .text.MX_UART5_Init
                0x08000ab8       0x34 CMakeFiles/uarttest.elf.dir/Core/Src/main.c.obj
 .text.SystemClock_Config
                0x08000aec       0x52 CMakeFiles/uarttest.elf.dir/Core/Src/main.c.obj
                0x08000aec                SystemClock_Config
 *fill*         0x08000b3e        0x2 
 .text.main     0x08000b40      0xaa8 CMakeFiles/uarttest.elf.dir/Core/Src/main.c.obj
                0x08000b40                main
 .text.HAL_MspInit
                0x080015e8       0x44 CMakeFiles/uarttest.elf.dir/Core/Src/stm32f1xx_hal_msp.c.obj
                0x080015e8                HAL_MspInit
 .text.HAL_UART_MspInit
                0x0800162c      0x1ec CMakeFiles/uarttest.elf.dir/Core/Src/stm32f1xx_hal_msp.c.obj
                0x0800162c                HAL_UART_MspInit
 .text.NMI_Handler
                0x08001818        0x2 CMakeFiles/uarttest.elf.dir/Core/Src/stm32f1xx_it.c.obj
                0x08001818                NMI_Handler
 .text.HardFault_Handler
                0x0800181a        0x2 CMakeFiles/uarttest.elf.dir/Core/Src/stm32f1xx_it.c.obj
                0x0800181a                HardFault_Handler
 .text.MemManage_Handler
                0x0800181c        0x2 CMakeFiles/uarttest.elf.dir/Core/Src/stm32f1xx_it.c.obj
                0x0800181c                MemManage_Handler
 .text.BusFault_Handler
                0x0800181e        0x2 CMakeFiles/uarttest.elf.dir/Core/Src/stm32f1xx_it.c.obj
                0x0800181e                BusFault_Handler
 .text.UsageFault_Handler
                0x08001820        0x2 CMakeFiles/uarttest.elf.dir/Core/Src/stm32f1xx_it.c.obj
                0x08001820                UsageFault_Handler
 .text.SVC_Handler
                0x08001822        0x2 CMakeFiles/uarttest.elf.dir/Core/Src/stm32f1xx_it.c.obj
                0x08001822                SVC_Handler
 .text.DebugMon_Handler
                0x08001824        0x2 CMakeFiles/uarttest.elf.dir/Core/Src/stm32f1xx_it.c.obj
                0x08001824                DebugMon_Handler
 .text.PendSV_Handler
                0x08001826        0x2 CMakeFiles/uarttest.elf.dir/Core/Src/stm32f1xx_it.c.obj
                0x08001826                PendSV_Handler
 .text.SysTick_Handler
                0x08001828        0x8 CMakeFiles/uarttest.elf.dir/Core/Src/stm32f1xx_it.c.obj
                0x08001828                SysTick_Handler
 .text.USART2_IRQHandler
                0x08001830       0x54 CMakeFiles/uarttest.elf.dir/Core/Src/stm32f1xx_it.c.obj
                0x08001830                USART2_IRQHandler
 .text.USART3_IRQHandler
                0x08001884       0x10 CMakeFiles/uarttest.elf.dir/Core/Src/stm32f1xx_it.c.obj
                0x08001884                USART3_IRQHandler
 .text.SERVO_DATA_PROCESSER
                0x08001894       0x4c CMakeFiles/uarttest.elf.dir/Core/Src/stm32f1xx_it.c.obj
                0x08001894                SERVO_DATA_PROCESSER
 .text.USART1_IRQHandler
                0x080018e0       0x5c CMakeFiles/uarttest.elf.dir/Core/Src/stm32f1xx_it.c.obj
                0x080018e0                USART1_IRQHandler
 .text.UART5_IRQHandler
                0x0800193c       0x5c CMakeFiles/uarttest.elf.dir/Core/Src/stm32f1xx_it.c.obj
                0x0800193c                UART5_IRQHandler
 .text.HAL_UART_RxCpltCallback
                0x08001998        0x2 CMakeFiles/uarttest.elf.dir/Core/Src/stm32f1xx_it.c.obj
                0x08001998                HAL_UART_RxCpltCallback
 .text.SystemInit
                0x0800199a        0x2 CMakeFiles/uarttest.elf.dir/Core/Src/system_stm32f1xx.c.obj
                0x0800199a                SystemInit
 .text.Reset_Handler
                0x0800199c       0x48 CMakeFiles/uarttest.elf.dir/Core/Startup/startup_stm32f103zetx.s.obj
                0x0800199c                Reset_Handler
 .text.Default_Handler
                0x080019e4        0x2 CMakeFiles/uarttest.elf.dir/Core/Startup/startup_stm32f103zetx.s.obj
                0x080019e4                RTC_Alarm_IRQHandler
                0x080019e4                EXTI2_IRQHandler
                0x080019e4                TIM8_TRG_COM_IRQHandler
                0x080019e4                TIM8_CC_IRQHandler
                0x080019e4                TIM1_CC_IRQHandler
                0x080019e4                TIM6_IRQHandler
                0x080019e4                PVD_IRQHandler
                0x080019e4                SDIO_IRQHandler
                0x080019e4                EXTI3_IRQHandler
                0x080019e4                EXTI0_IRQHandler
                0x080019e4                I2C2_EV_IRQHandler
                0x080019e4                ADC1_2_IRQHandler
                0x080019e4                SPI1_IRQHandler
                0x080019e4                TAMPER_IRQHandler
                0x080019e4                TIM8_UP_IRQHandler
                0x080019e4                DMA2_Channel2_IRQHandler
                0x080019e4                DMA1_Channel4_IRQHandler
                0x080019e4                RTC_IRQHandler
                0x080019e4                DMA1_Channel7_IRQHandler
                0x080019e4                CAN1_RX1_IRQHandler
                0x080019e4                ADC3_IRQHandler
                0x080019e4                TIM4_IRQHandler
                0x080019e4                DMA2_Channel1_IRQHandler
                0x080019e4                I2C1_EV_IRQHandler
                0x080019e4                DMA1_Channel6_IRQHandler
                0x080019e4                UART4_IRQHandler
                0x080019e4                TIM3_IRQHandler
                0x080019e4                RCC_IRQHandler
                0x080019e4                TIM1_TRG_COM_IRQHandler
                0x080019e4                DMA1_Channel1_IRQHandler
                0x080019e4                Default_Handler
                0x080019e4                EXTI15_10_IRQHandler
                0x080019e4                TIM7_IRQHandler
                0x080019e4                TIM5_IRQHandler
                0x080019e4                EXTI9_5_IRQHandler
                0x080019e4                SPI2_IRQHandler
                0x080019e4                DMA1_Channel5_IRQHandler
                0x080019e4                EXTI4_IRQHandler
                0x080019e4                USB_LP_CAN1_RX0_IRQHandler
                0x080019e4                USB_HP_CAN1_TX_IRQHandler
                0x080019e4                DMA1_Channel3_IRQHandler
                0x080019e4                FSMC_IRQHandler
                0x080019e4                TIM1_UP_IRQHandler
                0x080019e4                WWDG_IRQHandler
                0x080019e4                TIM2_IRQHandler
                0x080019e4                TIM1_BRK_IRQHandler
                0x080019e4                EXTI1_IRQHandler
                0x080019e4                DMA2_Channel4_5_IRQHandler
                0x080019e4                I2C2_ER_IRQHandler
                0x080019e4                DMA1_Channel2_IRQHandler
                0x080019e4                TIM8_BRK_IRQHandler
                0x080019e4                CAN1_SCE_IRQHandler
                0x080019e4                FLASH_IRQHandler
                0x080019e4                SPI3_IRQHandler
                0x080019e4                I2C1_ER_IRQHandler
                0x080019e4                USBWakeUp_IRQHandler
                0x080019e4                DMA2_Channel3_IRQHandler
 *fill*         0x080019e6        0x2 
 .text.HAL_InitTick
                0x080019e8       0x4c CMakeFiles/uarttest.elf.dir/Drivers/STM32F1xx_HAL_Driver/Src/stm32f1xx_hal.c.obj
                0x080019e8                HAL_InitTick
 .text.HAL_Init
                0x08001a34       0x24 CMakeFiles/uarttest.elf.dir/Drivers/STM32F1xx_HAL_Driver/Src/stm32f1xx_hal.c.obj
                0x08001a34                HAL_Init
 .text.HAL_IncTick
                0x08001a58       0x18 CMakeFiles/uarttest.elf.dir/Drivers/STM32F1xx_HAL_Driver/Src/stm32f1xx_hal.c.obj
                0x08001a58                HAL_IncTick
 .text.HAL_GetTick
                0x08001a70        0xc CMakeFiles/uarttest.elf.dir/Drivers/STM32F1xx_HAL_Driver/Src/stm32f1xx_hal.c.obj
                0x08001a70                HAL_GetTick
 .text.HAL_Delay
                0x08001a7c       0x28 CMakeFiles/uarttest.elf.dir/Drivers/STM32F1xx_HAL_Driver/Src/stm32f1xx_hal.c.obj
                0x08001a7c                HAL_Delay
 .text.HAL_NVIC_SetPriorityGrouping
                0x08001aa4       0x24 CMakeFiles/uarttest.elf.dir/Drivers/STM32F1xx_HAL_Driver/Src/stm32f1xx_hal_cortex.c.obj
                0x08001aa4                HAL_NVIC_SetPriorityGrouping
 .text.HAL_NVIC_SetPriority
                0x08001ac8       0x70 CMakeFiles/uarttest.elf.dir/Drivers/STM32F1xx_HAL_Driver/Src/stm32f1xx_hal_cortex.c.obj
                0x08001ac8                HAL_NVIC_SetPriority
 .text.HAL_NVIC_EnableIRQ
                0x08001b38       0x1c CMakeFiles/uarttest.elf.dir/Drivers/STM32F1xx_HAL_Driver/Src/stm32f1xx_hal_cortex.c.obj
                0x08001b38                HAL_NVIC_EnableIRQ
 .text.HAL_SYSTICK_Config
                0x08001b54       0x28 CMakeFiles/uarttest.elf.dir/Drivers/STM32F1xx_HAL_Driver/Src/stm32f1xx_hal_cortex.c.obj
                0x08001b54                HAL_SYSTICK_Config
 .text.HAL_DMA_Abort
                0x08001b7c       0x44 CMakeFiles/uarttest.elf.dir/Drivers/STM32F1xx_HAL_Driver/Src/stm32f1xx_hal_dma.c.obj
                0x08001b7c                HAL_DMA_Abort
 .text.HAL_DMA_Abort_IT
                0x08001bc0      0x168 CMakeFiles/uarttest.elf.dir/Drivers/STM32F1xx_HAL_Driver/Src/stm32f1xx_hal_dma.c.obj
                0x08001bc0                HAL_DMA_Abort_IT
 .text.HAL_GPIO_Init
                0x08001d28      0x240 CMakeFiles/uarttest.elf.dir/Drivers/STM32F1xx_HAL_Driver/Src/stm32f1xx_hal_gpio.c.obj
                0x08001d28                HAL_GPIO_Init
 .text.RCC_Delay
                0x08001f68       0x2c CMakeFiles/uarttest.elf.dir/Drivers/STM32F1xx_HAL_Driver/Src/stm32f1xx_hal_rcc.c.obj
 .text.HAL_RCC_OscConfig
                0x08001f94      0x410 CMakeFiles/uarttest.elf.dir/Drivers/STM32F1xx_HAL_Driver/Src/stm32f1xx_hal_rcc.c.obj
                0x08001f94                HAL_RCC_OscConfig
 .text.HAL_RCC_GetSysClockFreq
                0x080023a4       0x70 CMakeFiles/uarttest.elf.dir/Drivers/STM32F1xx_HAL_Driver/Src/stm32f1xx_hal_rcc.c.obj
                0x080023a4                HAL_RCC_GetSysClockFreq
 .text.HAL_RCC_ClockConfig
                0x08002414      0x16c CMakeFiles/uarttest.elf.dir/Drivers/STM32F1xx_HAL_Driver/Src/stm32f1xx_hal_rcc.c.obj
                0x08002414                HAL_RCC_ClockConfig
 .text.HAL_RCC_GetHCLKFreq
                0x08002580        0xc CMakeFiles/uarttest.elf.dir/Drivers/STM32F1xx_HAL_Driver/Src/stm32f1xx_hal_rcc.c.obj
                0x08002580                HAL_RCC_GetHCLKFreq
 .text.HAL_RCC_GetPCLK1Freq
                0x0800258c       0x20 CMakeFiles/uarttest.elf.dir/Drivers/STM32F1xx_HAL_Driver/Src/stm32f1xx_hal_rcc.c.obj
                0x0800258c                HAL_RCC_GetPCLK1Freq
 .text.HAL_RCC_GetPCLK2Freq
                0x080025ac       0x20 CMakeFiles/uarttest.elf.dir/Drivers/STM32F1xx_HAL_Driver/Src/stm32f1xx_hal_rcc.c.obj
                0x080025ac                HAL_RCC_GetPCLK2Freq
 .text.UART_EndRxTransfer
                0x080025cc       0x32 CMakeFiles/uarttest.elf.dir/Drivers/STM32F1xx_HAL_Driver/Src/stm32f1xx_hal_uart.c.obj
 .text.UART_Transmit_IT
                0x080025fe       0x60 CMakeFiles/uarttest.elf.dir/Drivers/STM32F1xx_HAL_Driver/Src/stm32f1xx_hal_uart.c.obj
 *fill*         0x0800265e        0x2 
 .text.UART_SetConfig
                0x08002660       0x94 CMakeFiles/uarttest.elf.dir/Drivers/STM32F1xx_HAL_Driver/Src/stm32f1xx_hal_uart.c.obj
 .text.UART_WaitOnFlagUntilTimeout
                0x080026f4       0x6c CMakeFiles/uarttest.elf.dir/Drivers/STM32F1xx_HAL_Driver/Src/stm32f1xx_hal_uart.c.obj
 .text.HAL_UART_Init
                0x08002760       0x5e CMakeFiles/uarttest.elf.dir/Drivers/STM32F1xx_HAL_Driver/Src/stm32f1xx_hal_uart.c.obj
                0x08002760                HAL_UART_Init
 .text.HAL_UART_Transmit
                0x080027be       0xd8 CMakeFiles/uarttest.elf.dir/Drivers/STM32F1xx_HAL_Driver/Src/stm32f1xx_hal_uart.c.obj
                0x080027be                HAL_UART_Transmit
 .text.HAL_UART_TxCpltCallback
                0x08002896        0x2 CMakeFiles/uarttest.elf.dir/Drivers/STM32F1xx_HAL_Driver/Src/stm32f1xx_hal_uart.c.obj
                0x08002896                HAL_UART_TxCpltCallback
 .text.UART_EndTransmit_IT
                0x08002898       0x1a CMakeFiles/uarttest.elf.dir/Drivers/STM32F1xx_HAL_Driver/Src/stm32f1xx_hal_uart.c.obj
 .text.HAL_UART_ErrorCallback
                0x080028b2        0x2 CMakeFiles/uarttest.elf.dir/Drivers/STM32F1xx_HAL_Driver/Src/stm32f1xx_hal_uart.c.obj
                0x080028b2                HAL_UART_ErrorCallback
 .text.UART_DMAAbortOnError
                0x080028b4       0x10 CMakeFiles/uarttest.elf.dir/Drivers/STM32F1xx_HAL_Driver/Src/stm32f1xx_hal_uart.c.obj
 .text.HAL_UART_AbortReceiveCpltCallback
                0x080028c4        0x2 CMakeFiles/uarttest.elf.dir/Drivers/STM32F1xx_HAL_Driver/Src/stm32f1xx_hal_uart.c.obj
                0x080028c4                HAL_UART_AbortReceiveCpltCallback
 *fill*         0x080028c6        0x2 
 .text.HAL_UART_AbortReceive_IT
                0x080028c8       0x84 CMakeFiles/uarttest.elf.dir/Drivers/STM32F1xx_HAL_Driver/Src/stm32f1xx_hal_uart.c.obj
                0x080028c8                HAL_UART_AbortReceive_IT
 .text.UART_DMARxOnlyAbortCallback
                0x0800294c       0x16 CMakeFiles/uarttest.elf.dir/Drivers/STM32F1xx_HAL_Driver/Src/stm32f1xx_hal_uart.c.obj
 .text.HAL_UARTEx_RxEventCallback
                0x08002962        0x2 CMakeFiles/uarttest.elf.dir/Drivers/STM32F1xx_HAL_Driver/Src/stm32f1xx_hal_uart.c.obj
                0x08002962                HAL_UARTEx_RxEventCallback
 .text.UART_Receive_IT
                0x08002964       0xd4 CMakeFiles/uarttest.elf.dir/Drivers/STM32F1xx_HAL_Driver/Src/stm32f1xx_hal_uart.c.obj
 .text.HAL_UART_IRQHandler
                0x08002a38      0x204 CMakeFiles/uarttest.elf.dir/Drivers/STM32F1xx_HAL_Driver/Src/stm32f1xx_hal_uart.c.obj
                0x08002a38                HAL_UART_IRQHandler
 .text.UART_Start_Receive_IT
                0x08002c3c       0x36 CMakeFiles/uarttest.elf.dir/Drivers/STM32F1xx_HAL_Driver/Src/stm32f1xx_hal_uart.c.obj
                0x08002c3c                UART_Start_Receive_IT
 .text.HAL_UART_Receive_IT
                0x08002c72       0x38 CMakeFiles/uarttest.elf.dir/Drivers/STM32F1xx_HAL_Driver/Src/stm32f1xx_hal_uart.c.obj
                0x08002c72                HAL_UART_Receive_IT
 *fill*         0x08002caa        0x2 
 .text.Uart_Init
                0x08002cac       0x14 CMakeFiles/uarttest.elf.dir/Servo/Src/Servo.c.obj
                0x08002cac                Uart_Init
 .text.moveServos
                0x08002cc0       0xb0 CMakeFiles/uarttest.elf.dir/Servo/Src/Servo.c.obj
                0x08002cc0                moveServos
 .text.unloadServos
                0x08002d70       0x88 CMakeFiles/uarttest.elf.dir/Servo/Src/Servo.c.obj
                0x08002d70                unloadServos
 .text.getServoAngle
                0x08002df8       0x80 CMakeFiles/uarttest.elf.dir/Servo/Src/Servo.c.obj
                0x08002df8                getServoAngle
 .text.convertAngleData
                0x08002e78      0x5e8 CMakeFiles/uarttest.elf.dir/Servo/Src/Servo.c.obj
                0x08002e78                convertAngleData
 .text.movement_highlifting_forward
                0x08003460      0x672 CMakeFiles/uarttest.elf.dir/movementsTable/movementTable.c.obj
                0x08003460                movement_highlifting_forward
 .text.movement_highlifting_backward
                0x08003ad2      0x670 CMakeFiles/uarttest.elf.dir/movementsTable/movementTable.c.obj
                0x08003ad2                movement_highlifting_backward
 .text.movement_normal_forward
                0x08004142      0x672 CMakeFiles/uarttest.elf.dir/movementsTable/movementTable.c.obj
                0x08004142                movement_normal_forward
 .text.movement_normal_backward
                0x080047b4      0x67a CMakeFiles/uarttest.elf.dir/movementsTable/movementTable.c.obj
                0x080047b4                movement_normal_backward
 .text.movement_rotate_left
                0x08004e2e     0x1d62 CMakeFiles/uarttest.elf.dir/movementsTable/movementTable.c.obj
                0x08004e2e                movement_rotate_left
 .text.movement_rotate_right
                0x08006b90     0x1cda CMakeFiles/uarttest.elf.dir/movementsTable/movementTable.c.obj
                0x08006b90                movement_rotate_right
 .text.movement_turn_left
                0x0800886a      0x692 CMakeFiles/uarttest.elf.dir/movementsTable/movementTable.c.obj
                0x0800886a                movement_turn_left
 .text.movement_turn_right
                0x08008efc      0x680 CMakeFiles/uarttest.elf.dir/movementsTable/movementTable.c.obj
                0x08008efc                movement_turn_right
 .text.movement_normal_leftward
                0x0800957c      0xc78 CMakeFiles/uarttest.elf.dir/movementsTable/movementTable.c.obj
                0x0800957c                movement_normal_leftward
 .text.movement_normal_rightward
                0x0800a1f4      0xc80 CMakeFiles/uarttest.elf.dir/movementsTable/movementTable.c.obj
                0x0800a1f4                movement_normal_rightward
 .text.movement_lowdown
                0x0800ae74       0xc6 CMakeFiles/uarttest.elf.dir/movementsTable/movementTable.c.obj
                0x0800ae74                movement_lowdown
 .text.movement_lift_up
                0x0800af3a       0xc2 CMakeFiles/uarttest.elf.dir/movementsTable/movementTable.c.obj
                0x0800af3a                movement_lift_up
 .text.movement_default_pos
                0x0800affc       0xc6 CMakeFiles/uarttest.elf.dir/movementsTable/movementTable.c.obj
                0x0800affc                movement_default_pos
 .text.movement_convert
                0x0800b0c2      0x330 CMakeFiles/uarttest.elf.dir/movementsTable/movementTable.c.obj
                0x0800b0c2                movement_convert
 .text.movement_wave_forward
                0x0800b3f2      0xe3c CMakeFiles/uarttest.elf.dir/movementsTable/movementTable.c.obj
                0x0800b3f2                movement_wave_forward
 .text.movement_tetrapod_forward
                0x0800c22e      0x75a CMakeFiles/uarttest.elf.dir/movementsTable/movementTable.c.obj
                0x0800c22e                movement_tetrapod_forward
 .text.movement_stand_up
                0x0800c988      0x4d6 CMakeFiles/uarttest.elf.dir/movementsTable/movementTable.c.obj
                0x0800c988                movement_stand_up
 .text.movement_twist_rotate_right
                0x0800ce5e      0x9e0 CMakeFiles/uarttest.elf.dir/movementsTable/movementTable.c.obj
                0x0800ce5e                movement_twist_rotate_right
 .text.movement_asyn_rolling
                0x0800d83e      0x18a CMakeFiles/uarttest.elf.dir/movementsTable/movementTable.c.obj
                0x0800d83e                movement_asyn_rolling
 .text.convert_on_and_on
                0x0800d9c8      0x262 CMakeFiles/uarttest.elf.dir/movementsTable/movementTable.c.obj
                0x0800d9c8                convert_on_and_on
 .text.movement_up_hold
                0x0800dc2a       0x9c CMakeFiles/uarttest.elf.dir/movementsTable/movementTable.c.obj
                0x0800dc2a                movement_up_hold
 .text.movement_up_crawl_hold
                0x0800dcc6       0x9c CMakeFiles/uarttest.elf.dir/movementsTable/movementTable.c.obj
                0x0800dcc6                movement_up_crawl_hold
 .text.movement_up_half_open
                0x0800dd62       0x9c CMakeFiles/uarttest.elf.dir/movementsTable/movementTable.c.obj
                0x0800dd62                movement_up_half_open
 .text.movement_leg_hold_up
                0x0800ddfe       0xc4 CMakeFiles/uarttest.elf.dir/movementsTable/movementTable.c.obj
                0x0800ddfe                movement_leg_hold_up
 .text.rolling_down
                0x0800dec2      0x23e CMakeFiles/uarttest.elf.dir/movementsTable/movementTable.c.obj
                0x0800dec2                rolling_down
 .text.up_down_down
                0x0800e100      0x23e CMakeFiles/uarttest.elf.dir/movementsTable/movementTable.c.obj
                0x0800e100                up_down_down
 *fill*         0x0800e33e        0x2 
 .text.__libc_init_array
                0x0800e340       0x48 c:/progra~2/gnuarm~1/102021~1.10/bin/../lib/gcc/arm-none-eabi/10.3.1/../../../../arm-none-eabi/lib/thumb/v7-m/nofp\libg.a(lib_a-init.o)
                0x0800e340                __libc_init_array
 .text.memset   0x0800e388       0xa4 c:/progra~2/gnuarm~1/102021~1.10/bin/../lib/gcc/arm-none-eabi/10.3.1/../../../../arm-none-eabi/lib/thumb/v7-m/nofp\libg.a(lib_a-memset.o)
                0x0800e388                memset
 .text.startup.register_fini
                0x0800e42c       0x14 c:/progra~2/gnuarm~1/102021~1.10/bin/../lib/gcc/arm-none-eabi/10.3.1/../../../../arm-none-eabi/lib/thumb/v7-m/nofp\libg.a(lib_a-__call_atexit.o)
 .text.atexit   0x0800e440        0xc c:/progra~2/gnuarm~1/102021~1.10/bin/../lib/gcc/arm-none-eabi/10.3.1/../../../../arm-none-eabi/lib/thumb/v7-m/nofp\libg.a(lib_a-atexit.o)
                0x0800e440                atexit
 .text.__libc_fini_array
                0x0800e44c       0x2c c:/progra~2/gnuarm~1/102021~1.10/bin/../lib/gcc/arm-none-eabi/10.3.1/../../../../arm-none-eabi/lib/thumb/v7-m/nofp\libg.a(lib_a-fini.o)
                0x0800e44c                __libc_fini_array
 .text.__retarget_lock_acquire_recursive
                0x0800e478        0x4 c:/progra~2/gnuarm~1/102021~1.10/bin/../lib/gcc/arm-none-eabi/10.3.1/../../../../arm-none-eabi/lib/thumb/v7-m/nofp\libg.a(lib_a-lock.o)
                0x0800e478                __retarget_lock_acquire_recursive
 .text.__retarget_lock_release_recursive
                0x0800e47c        0x4 c:/progra~2/gnuarm~1/102021~1.10/bin/../lib/gcc/arm-none-eabi/10.3.1/../../../../arm-none-eabi/lib/thumb/v7-m/nofp\libg.a(lib_a-lock.o)
                0x0800e47c                __retarget_lock_release_recursive
 .text.__register_exitproc
                0x0800e480       0x8c c:/progra~2/gnuarm~1/102021~1.10/bin/../lib/gcc/arm-none-eabi/10.3.1/../../../../arm-none-eabi/lib/thumb/v7-m/nofp\libg.a(lib_a-__atexit.o)
                0x0800e480                __register_exitproc
 *(.glue_7)
 .glue_7        0x0800e50c        0x0 linker stubs
 *(.glue_7t)
 .glue_7t       0x0800e50c        0x0 linker stubs
 *(.eh_frame)
 .eh_frame      0x0800e50c        0x0 c:/progra~2/gnuarm~1/102021~1.10/bin/../lib/gcc/arm-none-eabi/10.3.1/thumb/v7-m/nofp/crtbegin.o
 *(.init)
 .init          0x0800e50c        0x4 c:/progra~2/gnuarm~1/102021~1.10/bin/../lib/gcc/arm-none-eabi/10.3.1/thumb/v7-m/nofp/crti.o
                0x0800e50c                _init
 .init          0x0800e510        0x8 c:/progra~2/gnuarm~1/102021~1.10/bin/../lib/gcc/arm-none-eabi/10.3.1/thumb/v7-m/nofp/crtn.o
 *(.fini)
 .fini          0x0800e518        0x4 c:/progra~2/gnuarm~1/102021~1.10/bin/../lib/gcc/arm-none-eabi/10.3.1/thumb/v7-m/nofp/crti.o
                0x0800e518                _fini
 .fini          0x0800e51c        0x8 c:/progra~2/gnuarm~1/102021~1.10/bin/../lib/gcc/arm-none-eabi/10.3.1/thumb/v7-m/nofp/crtn.o
                0x0800e524                . = ALIGN (0x4)
                0x0800e524                _etext = .

.vfp11_veneer   0x0800e524        0x0
 .vfp11_veneer  0x0800e524        0x0 linker stubs

.v4_bx          0x0800e524        0x0
 .v4_bx         0x0800e524        0x0 linker stubs

.iplt           0x0800e524        0x0
 .iplt          0x0800e524        0x0 c:/progra~2/gnuarm~1/102021~1.10/bin/../lib/gcc/arm-none-eabi/10.3.1/thumb/v7-m/nofp/crtbegin.o

.rodata         0x0800e524       0x44
                0x0800e524                . = ALIGN (0x4)
 *(.rodata)
 .rodata        0x0800e524       0x11 CMakeFiles/uarttest.elf.dir/Core/Src/main.c.obj
 *(.rodata*)
 *fill*         0x0800e535        0x3 
 .rodata.AHBPrescTable
                0x0800e538       0x10 CMakeFiles/uarttest.elf.dir/Core/Src/system_stm32f1xx.c.obj
                0x0800e538                AHBPrescTable
 .rodata.APBPrescTable
                0x0800e548        0x8 CMakeFiles/uarttest.elf.dir/Core/Src/system_stm32f1xx.c.obj
                0x0800e548                APBPrescTable
 .rodata.HAL_RCC_GetSysClockFreq.str1.4
                0x0800e550       0x11 CMakeFiles/uarttest.elf.dir/Drivers/STM32F1xx_HAL_Driver/Src/stm32f1xx_hal_rcc.c.obj
 *fill*         0x0800e561        0x3 
 .rodata._global_impure_ptr
                0x0800e564        0x4 c:/progra~2/gnuarm~1/102021~1.10/bin/../lib/gcc/arm-none-eabi/10.3.1/../../../../arm-none-eabi/lib/thumb/v7-m/nofp\libg.a(lib_a-impure.o)
                0x0800e564                _global_impure_ptr
                0x0800e568                . = ALIGN (0x4)

.rel.dyn        0x0800e568        0x0
 .rel.iplt      0x0800e568        0x0 c:/progra~2/gnuarm~1/102021~1.10/bin/../lib/gcc/arm-none-eabi/10.3.1/thumb/v7-m/nofp/crtbegin.o

.ARM.extab      0x0800e568        0x0
                0x0800e568                . = ALIGN (0x4)
 *(.ARM.extab* .gnu.linkonce.armextab.*)
                0x0800e568                . = ALIGN (0x4)

.ARM            0x0800e568        0x0
                0x0800e568                . = ALIGN (0x4)
                0x0800e568                __exidx_start = .
 *(.ARM.exidx*)
                0x0800e568                __exidx_end = .
                0x0800e568                . = ALIGN (0x4)

.preinit_array  0x0800e568        0x0
                0x0800e568                . = ALIGN (0x4)
                0x0800e568                PROVIDE (__preinit_array_start = .)
 *(.preinit_array*)
                0x0800e568                PROVIDE (__preinit_array_end = .)
                0x0800e568                . = ALIGN (0x4)

.init_array     0x0800e568        0x8
                0x0800e568                . = ALIGN (0x4)
                0x0800e568                PROVIDE (__init_array_start = .)
 *(SORT_BY_NAME(.init_array.*))
 .init_array.00000
                0x0800e568        0x4 c:/progra~2/gnuarm~1/102021~1.10/bin/../lib/gcc/arm-none-eabi/10.3.1/../../../../arm-none-eabi/lib/thumb/v7-m/nofp\libg.a(lib_a-__call_atexit.o)
 *(.init_array*)
 .init_array    0x0800e56c        0x4 c:/progra~2/gnuarm~1/102021~1.10/bin/../lib/gcc/arm-none-eabi/10.3.1/thumb/v7-m/nofp/crtbegin.o
                0x0800e570                PROVIDE (__init_array_end = .)
                0x0800e570                . = ALIGN (0x4)

.fini_array     0x0800e570        0x4
                0x0800e570                . = ALIGN (0x4)
                0x0800e570                PROVIDE (__fini_array_start = .)
 *(SORT_BY_NAME(.fini_array.*))
 *(.fini_array*)
 .fini_array    0x0800e570        0x4 c:/progra~2/gnuarm~1/102021~1.10/bin/../lib/gcc/arm-none-eabi/10.3.1/thumb/v7-m/nofp/crtbegin.o
                0x0800e574                PROVIDE (__fini_array_end = .)
                0x0800e574                . = ALIGN (0x4)
                0x0800e574                _sidata = LOADADDR (.data)

.data           0x20000000      0x43c load address 0x0800e574
                0x20000000                . = ALIGN (0x4)
                0x20000000                _sdata = .
 *(.data)
 *(.data*)
 .data.SystemCoreClock
                0x20000000        0x4 CMakeFiles/uarttest.elf.dir/Core/Src/system_stm32f1xx.c.obj
                0x20000000                SystemCoreClock
 .data.uwTickFreq
                0x20000004        0x1 CMakeFiles/uarttest.elf.dir/Drivers/STM32F1xx_HAL_Driver/Src/stm32f1xx_hal.c.obj
                0x20000004                uwTickFreq
 *fill*         0x20000005        0x3 
 .data.uwTickPrio
                0x20000008        0x4 CMakeFiles/uarttest.elf.dir/Drivers/STM32F1xx_HAL_Driver/Src/stm32f1xx_hal.c.obj
                0x20000008                uwTickPrio
 *fill*         0x2000000c        0x4 
 .data.impure_data
                0x20000010      0x428 c:/progra~2/gnuarm~1/102021~1.10/bin/../lib/gcc/arm-none-eabi/10.3.1/../../../../arm-none-eabi/lib/thumb/v7-m/nofp\libg.a(lib_a-impure.o)
 .data.__atexit_recursive_mutex
                0x20000438        0x4 c:/progra~2/gnuarm~1/102021~1.10/bin/../lib/gcc/arm-none-eabi/10.3.1/../../../../arm-none-eabi/lib/thumb/v7-m/nofp\libg.a(lib_a-__call_atexit.o)
                0x20000438                __atexit_recursive_mutex
 *(.RamFunc)
 *(.RamFunc*)
                0x2000043c                . = ALIGN (0x4)
                0x2000043c                _edata = .

.igot.plt       0x2000043c        0x0 load address 0x0800e9b0
 .igot.plt      0x2000043c        0x0 c:/progra~2/gnuarm~1/102021~1.10/bin/../lib/gcc/arm-none-eabi/10.3.1/thumb/v7-m/nofp/crtbegin.o
                0x2000043c                . = ALIGN (0x4)

.bss            0x2000043c      0x6b4 load address 0x0800e9b0
                0x2000043c                _sbss = .
                0x2000043c                __bss_start__ = _sbss
 *(.bss)
 .bss           0x2000043c       0x1c c:/progra~2/gnuarm~1/102021~1.10/bin/../lib/gcc/arm-none-eabi/10.3.1/thumb/v7-m/nofp/crtbegin.o
 *(.bss*)
 .bss.BLUETOOTH_UART
                0x20000458       0x44 CMakeFiles/uarttest.elf.dir/Core/Src/main.c.obj
                0x20000458                BLUETOOTH_UART
 .bss.SERVO_UART
                0x2000049c       0x44 CMakeFiles/uarttest.elf.dir/Core/Src/main.c.obj
                0x2000049c                SERVO_UART
 .bss.UPPER_SERVO_UART
                0x200004e0       0x44 CMakeFiles/uarttest.elf.dir/Core/Src/main.c.obj
                0x200004e0                UPPER_SERVO_UART
 .bss.huart3    0x20000524       0x44 CMakeFiles/uarttest.elf.dir/Core/Src/main.c.obj
                0x20000524                huart3
 .bss.ANGLE     0x20000568       0x3c CMakeFiles/uarttest.elf.dir/Core/Src/stm32f1xx_it.c.obj
                0x20000568                ANGLE
 .bss.BLUETOOTH_RX_BUF
                0x200005a4      0x190 CMakeFiles/uarttest.elf.dir/Core/Src/stm32f1xx_it.c.obj
                0x200005a4                BLUETOOTH_RX_BUF
 .bss.CMD_FLAG  0x20000734        0x2 CMakeFiles/uarttest.elf.dir/Core/Src/stm32f1xx_it.c.obj
                0x20000734                CMD_FLAG
 *fill*         0x20000736        0x2 
 .bss.SERVO_RX_BUF
                0x20000738      0x190 CMakeFiles/uarttest.elf.dir/Core/Src/stm32f1xx_it.c.obj
                0x20000738                SERVO_RX_BUF
 .bss.UPPER_SERVO_RX_BUF
                0x200008c8      0x190 CMakeFiles/uarttest.elf.dir/Core/Src/stm32f1xx_it.c.obj
                0x200008c8                UPPER_SERVO_RX_BUF
 .bss.mutex_lock
                0x20000a58        0x4 CMakeFiles/uarttest.elf.dir/Core/Src/stm32f1xx_it.c.obj
                0x20000a58                mutex_lock
 .bss.mutex_lock_upper
                0x20000a5c        0x4 CMakeFiles/uarttest.elf.dir/Core/Src/stm32f1xx_it.c.obj
                0x20000a5c                mutex_lock_upper
 .bss.uwTick    0x20000a60        0x4 CMakeFiles/uarttest.elf.dir/Drivers/STM32F1xx_HAL_Driver/Src/stm32f1xx_hal.c.obj
                0x20000a60                uwTick
 .bss.LobotTxBuf
                0x20000a64       0x80 CMakeFiles/uarttest.elf.dir/Servo/Src/Servo.c.obj
 .bss.ServoHuart
                0x20000ae4        0x4 CMakeFiles/uarttest.elf.dir/Servo/Src/Servo.c.obj
 .bss.UpperServoHuart
                0x20000ae8        0x4 CMakeFiles/uarttest.elf.dir/Servo/Src/Servo.c.obj
 .bss.__lock___atexit_recursive_mutex
                0x20000aec        0x1 c:/progra~2/gnuarm~1/102021~1.10/bin/../lib/gcc/arm-none-eabi/10.3.1/../../../../arm-none-eabi/lib/thumb/v7-m/nofp\libg.a(lib_a-lock.o)
                0x20000aec                __lock___atexit_recursive_mutex
 *(COMMON)
                0x20000af0                . = ALIGN (0x4)
 *fill*         0x20000aed        0x3 
                0x20000af0                _ebss = .
                0x20000af0                __bss_end__ = _ebss

._user_heap_stack
                0x20000af0      0x600 load address 0x0800e9b0
                0x20000af0                . = ALIGN (0x8)
                [!provide]                PROVIDE (end = .)
                0x20000af0                PROVIDE (_end = .)
                0x20000cf0                . = (. + _Min_Heap_Size)
 *fill*         0x20000af0      0x200 
                0x200010f0                . = (. + _Min_Stack_Size)
 *fill*         0x20000cf0      0x400 
                0x200010f0                . = ALIGN (0x8)

/DISCARD/
 libc.a(*)
 libm.a(*)
 libgcc.a(*)

.ARM.attributes
                0x00000000       0x29
 *(.ARM.attributes)
 .ARM.attributes
                0x00000000       0x1d c:/progra~2/gnuarm~1/102021~1.10/bin/../lib/gcc/arm-none-eabi/10.3.1/thumb/v7-m/nofp/crti.o
 .ARM.attributes
                0x0000001d       0x2d c:/progra~2/gnuarm~1/102021~1.10/bin/../lib/gcc/arm-none-eabi/10.3.1/thumb/v7-m/nofp/crtbegin.o
 .ARM.attributes
                0x0000004a       0x2d CMakeFiles/uarttest.elf.dir/Core/Src/main.c.obj
 .ARM.attributes
                0x00000077       0x2d CMakeFiles/uarttest.elf.dir/Core/Src/stm32f1xx_hal_msp.c.obj
 .ARM.attributes
                0x000000a4       0x2d CMakeFiles/uarttest.elf.dir/Core/Src/stm32f1xx_it.c.obj
 .ARM.attributes
                0x000000d1       0x2d CMakeFiles/uarttest.elf.dir/Core/Src/system_stm32f1xx.c.obj
 .ARM.attributes
                0x000000fe       0x21 CMakeFiles/uarttest.elf.dir/Core/Startup/startup_stm32f103zetx.s.obj
 .ARM.attributes
                0x0000011f       0x2d CMakeFiles/uarttest.elf.dir/Drivers/STM32F1xx_HAL_Driver/Src/stm32f1xx_hal.c.obj
 .ARM.attributes
                0x0000014c       0x2d CMakeFiles/uarttest.elf.dir/Drivers/STM32F1xx_HAL_Driver/Src/stm32f1xx_hal_cortex.c.obj
 .ARM.attributes
                0x00000179       0x2d CMakeFiles/uarttest.elf.dir/Drivers/STM32F1xx_HAL_Driver/Src/stm32f1xx_hal_dma.c.obj
 .ARM.attributes
                0x000001a6       0x2d CMakeFiles/uarttest.elf.dir/Drivers/STM32F1xx_HAL_Driver/Src/stm32f1xx_hal_gpio.c.obj
 .ARM.attributes
                0x000001d3       0x2d CMakeFiles/uarttest.elf.dir/Drivers/STM32F1xx_HAL_Driver/Src/stm32f1xx_hal_rcc.c.obj
 .ARM.attributes
                0x00000200       0x2d CMakeFiles/uarttest.elf.dir/Drivers/STM32F1xx_HAL_Driver/Src/stm32f1xx_hal_uart.c.obj
 .ARM.attributes
                0x0000022d       0x2d CMakeFiles/uarttest.elf.dir/Servo/Src/Servo.c.obj
 .ARM.attributes
                0x0000025a       0x2d CMakeFiles/uarttest.elf.dir/movementsTable/movementTable.c.obj
 .ARM.attributes
                0x00000287       0x1d c:/progra~2/gnuarm~1/102021~1.10/bin/../lib/gcc/arm-none-eabi/10.3.1/thumb/v7-m/nofp\libgcc.a(_arm_addsubdf3.o)
 .ARM.attributes
                0x000002a4       0x1d c:/progra~2/gnuarm~1/102021~1.10/bin/../lib/gcc/arm-none-eabi/10.3.1/thumb/v7-m/nofp\libgcc.a(_arm_muldivdf3.o)
 .ARM.attributes
                0x000002c1       0x2d c:/progra~2/gnuarm~1/102021~1.10/bin/../lib/gcc/arm-none-eabi/10.3.1/../../../../arm-none-eabi/lib/thumb/v7-m/nofp\libg.a(lib_a-impure.o)
 .ARM.attributes
                0x000002ee       0x2d c:/progra~2/gnuarm~1/102021~1.10/bin/../lib/gcc/arm-none-eabi/10.3.1/../../../../arm-none-eabi/lib/thumb/v7-m/nofp\libg.a(lib_a-init.o)
 .ARM.attributes
                0x0000031b       0x2d c:/progra~2/gnuarm~1/102021~1.10/bin/../lib/gcc/arm-none-eabi/10.3.1/../../../../arm-none-eabi/lib/thumb/v7-m/nofp\libg.a(lib_a-memset.o)
 .ARM.attributes
                0x00000348       0x2d c:/progra~2/gnuarm~1/102021~1.10/bin/../lib/gcc/arm-none-eabi/10.3.1/../../../../arm-none-eabi/lib/thumb/v7-m/nofp\libg.a(lib_a-__call_atexit.o)
 .ARM.attributes
                0x00000375       0x2d c:/progra~2/gnuarm~1/102021~1.10/bin/../lib/gcc/arm-none-eabi/10.3.1/../../../../arm-none-eabi/lib/thumb/v7-m/nofp\libg.a(lib_a-atexit.o)
 .ARM.attributes
                0x000003a2       0x2d c:/progra~2/gnuarm~1/102021~1.10/bin/../lib/gcc/arm-none-eabi/10.3.1/../../../../arm-none-eabi/lib/thumb/v7-m/nofp\libg.a(lib_a-fini.o)
 .ARM.attributes
                0x000003cf       0x2d c:/progra~2/gnuarm~1/102021~1.10/bin/../lib/gcc/arm-none-eabi/10.3.1/../../../../arm-none-eabi/lib/thumb/v7-m/nofp\libg.a(lib_a-lock.o)
 .ARM.attributes
                0x000003fc       0x2d c:/progra~2/gnuarm~1/102021~1.10/bin/../lib/gcc/arm-none-eabi/10.3.1/../../../../arm-none-eabi/lib/thumb/v7-m/nofp\libg.a(lib_a-__atexit.o)
 .ARM.attributes
                0x00000429       0x1d c:/progra~2/gnuarm~1/102021~1.10/bin/../lib/gcc/arm-none-eabi/10.3.1/thumb/v7-m/nofp/crtn.o
OUTPUT(uarttest.elf elf32-littlearm)
LOAD linker stubs
LOAD c:/progra~2/gnuarm~1/102021~1.10/bin/../lib/gcc/arm-none-eabi/10.3.1/../../../../arm-none-eabi/lib/thumb/v7-m/nofp\libc.a
LOAD c:/progra~2/gnuarm~1/102021~1.10/bin/../lib/gcc/arm-none-eabi/10.3.1/../../../../arm-none-eabi/lib/thumb/v7-m/nofp\libm.a
LOAD c:/progra~2/gnuarm~1/102021~1.10/bin/../lib/gcc/arm-none-eabi/10.3.1/thumb/v7-m/nofp\libgcc.a

.debug_info     0x00000000    0x26c0b
 .debug_info    0x00000000     0x1ba5 CMakeFiles/uarttest.elf.dir/Core/Src/main.c.obj
 .debug_info    0x00001ba5      0xd6d CMakeFiles/uarttest.elf.dir/Core/Src/stm32f1xx_hal_msp.c.obj
 .debug_info    0x00002912      0x9d0 CMakeFiles/uarttest.elf.dir/Core/Src/stm32f1xx_it.c.obj
 .debug_info    0x000032e2      0x248 CMakeFiles/uarttest.elf.dir/Core/Src/system_stm32f1xx.c.obj
 .debug_info    0x0000352a       0x22 CMakeFiles/uarttest.elf.dir/Core/Startup/startup_stm32f103zetx.s.obj
 .debug_info    0x0000354c      0x80e CMakeFiles/uarttest.elf.dir/Drivers/STM32F1xx_HAL_Driver/Src/stm32f1xx_hal.c.obj
 .debug_info    0x00003d5a      0xdf0 CMakeFiles/uarttest.elf.dir/Drivers/STM32F1xx_HAL_Driver/Src/stm32f1xx_hal_cortex.c.obj
 .debug_info    0x00004b4a      0x846 CMakeFiles/uarttest.elf.dir/Drivers/STM32F1xx_HAL_Driver/Src/stm32f1xx_hal_dma.c.obj
 .debug_info    0x00005390      0x66f CMakeFiles/uarttest.elf.dir/Drivers/STM32F1xx_HAL_Driver/Src/stm32f1xx_hal_gpio.c.obj
 .debug_info    0x000059ff      0xa36 CMakeFiles/uarttest.elf.dir/Drivers/STM32F1xx_HAL_Driver/Src/stm32f1xx_hal_rcc.c.obj
 .debug_info    0x00006435     0x1c8b CMakeFiles/uarttest.elf.dir/Drivers/STM32F1xx_HAL_Driver/Src/stm32f1xx_hal_uart.c.obj
 .debug_info    0x000080c0     0x134f CMakeFiles/uarttest.elf.dir/Servo/Src/Servo.c.obj
 .debug_info    0x0000940f    0x1d7fc CMakeFiles/uarttest.elf.dir/movementsTable/movementTable.c.obj

.debug_abbrev   0x00000000     0x19c5
 .debug_abbrev  0x00000000      0x254 CMakeFiles/uarttest.elf.dir/Core/Src/main.c.obj
 .debug_abbrev  0x00000254      0x1db CMakeFiles/uarttest.elf.dir/Core/Src/stm32f1xx_hal_msp.c.obj
 .debug_abbrev  0x0000042f      0x255 CMakeFiles/uarttest.elf.dir/Core/Src/stm32f1xx_it.c.obj
 .debug_abbrev  0x00000684      0x13e CMakeFiles/uarttest.elf.dir/Core/Src/system_stm32f1xx.c.obj
 .debug_abbrev  0x000007c2       0x12 CMakeFiles/uarttest.elf.dir/Core/Startup/startup_stm32f103zetx.s.obj
 .debug_abbrev  0x000007d4      0x1f4 CMakeFiles/uarttest.elf.dir/Drivers/STM32F1xx_HAL_Driver/Src/stm32f1xx_hal.c.obj
 .debug_abbrev  0x000009c8      0x341 CMakeFiles/uarttest.elf.dir/Drivers/STM32F1xx_HAL_Driver/Src/stm32f1xx_hal_cortex.c.obj
 .debug_abbrev  0x00000d09      0x223 CMakeFiles/uarttest.elf.dir/Drivers/STM32F1xx_HAL_Driver/Src/stm32f1xx_hal_dma.c.obj
 .debug_abbrev  0x00000f2c      0x1e6 CMakeFiles/uarttest.elf.dir/Drivers/STM32F1xx_HAL_Driver/Src/stm32f1xx_hal_gpio.c.obj
 .debug_abbrev  0x00001112      0x27a CMakeFiles/uarttest.elf.dir/Drivers/STM32F1xx_HAL_Driver/Src/stm32f1xx_hal_rcc.c.obj
 .debug_abbrev  0x0000138c      0x254 CMakeFiles/uarttest.elf.dir/Drivers/STM32F1xx_HAL_Driver/Src/stm32f1xx_hal_uart.c.obj
 .debug_abbrev  0x000015e0      0x260 CMakeFiles/uarttest.elf.dir/Servo/Src/Servo.c.obj
 .debug_abbrev  0x00001840      0x185 CMakeFiles/uarttest.elf.dir/movementsTable/movementTable.c.obj

.debug_aranges  0x00000000      0x7b8
 .debug_aranges
                0x00000000       0x58 CMakeFiles/uarttest.elf.dir/Core/Src/main.c.obj
 .debug_aranges
                0x00000058       0x30 CMakeFiles/uarttest.elf.dir/Core/Src/stm32f1xx_hal_msp.c.obj
 .debug_aranges
                0x00000088       0x98 CMakeFiles/uarttest.elf.dir/Core/Src/stm32f1xx_it.c.obj
 .debug_aranges
                0x00000120       0x28 CMakeFiles/uarttest.elf.dir/Core/Src/system_stm32f1xx.c.obj
 .debug_aranges
                0x00000148       0x28 CMakeFiles/uarttest.elf.dir/Core/Startup/startup_stm32f103zetx.s.obj
 .debug_aranges
                0x00000170       0xe0 CMakeFiles/uarttest.elf.dir/Drivers/STM32F1xx_HAL_Driver/Src/stm32f1xx_hal.c.obj
 .debug_aranges
                0x00000250       0x90 CMakeFiles/uarttest.elf.dir/Drivers/STM32F1xx_HAL_Driver/Src/stm32f1xx_hal_cortex.c.obj
 .debug_aranges
                0x000002e0       0x80 CMakeFiles/uarttest.elf.dir/Drivers/STM32F1xx_HAL_Driver/Src/stm32f1xx_hal_dma.c.obj
 .debug_aranges
                0x00000360       0x58 CMakeFiles/uarttest.elf.dir/Drivers/STM32F1xx_HAL_Driver/Src/stm32f1xx_hal_gpio.c.obj
 .debug_aranges
                0x000003b8       0x90 CMakeFiles/uarttest.elf.dir/Drivers/STM32F1xx_HAL_Driver/Src/stm32f1xx_hal_rcc.c.obj
 .debug_aranges
                0x00000448      0x200 CMakeFiles/uarttest.elf.dir/Drivers/STM32F1xx_HAL_Driver/Src/stm32f1xx_hal_uart.c.obj
 .debug_aranges
                0x00000648       0x70 CMakeFiles/uarttest.elf.dir/Servo/Src/Servo.c.obj
 .debug_aranges
                0x000006b8      0x100 CMakeFiles/uarttest.elf.dir/movementsTable/movementTable.c.obj

.debug_ranges   0x00000000      0x788
 .debug_ranges  0x00000000       0x48 CMakeFiles/uarttest.elf.dir/Core/Src/main.c.obj
 .debug_ranges  0x00000048       0x20 CMakeFiles/uarttest.elf.dir/Core/Src/stm32f1xx_hal_msp.c.obj
 .debug_ranges  0x00000068       0x88 CMakeFiles/uarttest.elf.dir/Core/Src/stm32f1xx_it.c.obj
 .debug_ranges  0x000000f0       0x18 CMakeFiles/uarttest.elf.dir/Core/Src/system_stm32f1xx.c.obj
 .debug_ranges  0x00000108       0x20 CMakeFiles/uarttest.elf.dir/Core/Startup/startup_stm32f103zetx.s.obj
 .debug_ranges  0x00000128       0xd0 CMakeFiles/uarttest.elf.dir/Drivers/STM32F1xx_HAL_Driver/Src/stm32f1xx_hal.c.obj
 .debug_ranges  0x000001f8       0xe0 CMakeFiles/uarttest.elf.dir/Drivers/STM32F1xx_HAL_Driver/Src/stm32f1xx_hal_cortex.c.obj
 .debug_ranges  0x000002d8       0x70 CMakeFiles/uarttest.elf.dir/Drivers/STM32F1xx_HAL_Driver/Src/stm32f1xx_hal_dma.c.obj
 .debug_ranges  0x00000348       0x48 CMakeFiles/uarttest.elf.dir/Drivers/STM32F1xx_HAL_Driver/Src/stm32f1xx_hal_gpio.c.obj
 .debug_ranges  0x00000390       0xa0 CMakeFiles/uarttest.elf.dir/Drivers/STM32F1xx_HAL_Driver/Src/stm32f1xx_hal_rcc.c.obj
 .debug_ranges  0x00000430      0x1f0 CMakeFiles/uarttest.elf.dir/Drivers/STM32F1xx_HAL_Driver/Src/stm32f1xx_hal_uart.c.obj
 .debug_ranges  0x00000620       0x78 CMakeFiles/uarttest.elf.dir/Servo/Src/Servo.c.obj
 .debug_ranges  0x00000698       0xf0 CMakeFiles/uarttest.elf.dir/movementsTable/movementTable.c.obj

.debug_line     0x00000000     0x7bf7
 .debug_line    0x00000000      0x773 CMakeFiles/uarttest.elf.dir/Core/Src/main.c.obj
 .debug_line    0x00000773      0x46c CMakeFiles/uarttest.elf.dir/Core/Src/stm32f1xx_hal_msp.c.obj
 .debug_line    0x00000bdf      0x545 CMakeFiles/uarttest.elf.dir/Core/Src/stm32f1xx_it.c.obj
 .debug_line    0x00001124      0x25c CMakeFiles/uarttest.elf.dir/Core/Src/system_stm32f1xx.c.obj
 .debug_line    0x00001380       0xaf CMakeFiles/uarttest.elf.dir/Core/Startup/startup_stm32f103zetx.s.obj
 .debug_line    0x0000142f      0x59a CMakeFiles/uarttest.elf.dir/Drivers/STM32F1xx_HAL_Driver/Src/stm32f1xx_hal.c.obj
 .debug_line    0x000019c9      0x67a CMakeFiles/uarttest.elf.dir/Drivers/STM32F1xx_HAL_Driver/Src/stm32f1xx_hal_cortex.c.obj
 .debug_line    0x00002043      0xd2c CMakeFiles/uarttest.elf.dir/Drivers/STM32F1xx_HAL_Driver/Src/stm32f1xx_hal_dma.c.obj
 .debug_line    0x00002d6f      0x638 CMakeFiles/uarttest.elf.dir/Drivers/STM32F1xx_HAL_Driver/Src/stm32f1xx_hal_gpio.c.obj
 .debug_line    0x000033a7      0xc6d CMakeFiles/uarttest.elf.dir/Drivers/STM32F1xx_HAL_Driver/Src/stm32f1xx_hal_rcc.c.obj
 .debug_line    0x00004014     0x20fc CMakeFiles/uarttest.elf.dir/Drivers/STM32F1xx_HAL_Driver/Src/stm32f1xx_hal_uart.c.obj
 .debug_line    0x00006110      0xfc8 CMakeFiles/uarttest.elf.dir/Servo/Src/Servo.c.obj
 .debug_line    0x000070d8      0xb1f CMakeFiles/uarttest.elf.dir/movementsTable/movementTable.c.obj

.debug_str      0x00000000     0x27fa
 .debug_str     0x00000000      0xbaa CMakeFiles/uarttest.elf.dir/Core/Src/main.c.obj
                                0xd4b (size before relaxing)
 .debug_str     0x00000baa      0x502 CMakeFiles/uarttest.elf.dir/Core/Src/stm32f1xx_hal_msp.c.obj
                                0xadf (size before relaxing)
 .debug_str     0x000010ac      0x1df CMakeFiles/uarttest.elf.dir/Core/Src/stm32f1xx_it.c.obj
                                0x825 (size before relaxing)
 .debug_str     0x0000128b       0xa6 CMakeFiles/uarttest.elf.dir/Core/Src/system_stm32f1xx.c.obj
                                0x2a2 (size before relaxing)
 .debug_str     0x00001331       0x5e CMakeFiles/uarttest.elf.dir/Core/Startup/startup_stm32f103zetx.s.obj
                                 0x9b (size before relaxing)
 .debug_str     0x0000138f      0x32c CMakeFiles/uarttest.elf.dir/Drivers/STM32F1xx_HAL_Driver/Src/stm32f1xx_hal.c.obj
                                0x956 (size before relaxing)
 .debug_str     0x000016bb      0x3c6 CMakeFiles/uarttest.elf.dir/Drivers/STM32F1xx_HAL_Driver/Src/stm32f1xx_hal_cortex.c.obj
                                0xa05 (size before relaxing)
 .debug_str     0x00001a81      0x26c CMakeFiles/uarttest.elf.dir/Drivers/STM32F1xx_HAL_Driver/Src/stm32f1xx_hal_dma.c.obj
                                0x64b (size before relaxing)
 .debug_str     0x00001ced      0x16b CMakeFiles/uarttest.elf.dir/Drivers/STM32F1xx_HAL_Driver/Src/stm32f1xx_hal_gpio.c.obj
                                0x44e (size before relaxing)
 .debug_str     0x00001e58      0x21c CMakeFiles/uarttest.elf.dir/Drivers/STM32F1xx_HAL_Driver/Src/stm32f1xx_hal_rcc.c.obj
                                0x679 (size before relaxing)
 .debug_str     0x00002074      0x5a8 CMakeFiles/uarttest.elf.dir/Drivers/STM32F1xx_HAL_Driver/Src/stm32f1xx_hal_uart.c.obj
                                0xcdc (size before relaxing)
 .debug_str     0x0000261c      0x152 CMakeFiles/uarttest.elf.dir/Servo/Src/Servo.c.obj
                                0x76e (size before relaxing)
 .debug_str     0x0000276e       0x8c CMakeFiles/uarttest.elf.dir/movementsTable/movementTable.c.obj
                                0x86c (size before relaxing)

.comment        0x00000000       0x49
 .comment       0x00000000       0x49 CMakeFiles/uarttest.elf.dir/Core/Src/main.c.obj
                                 0x4a (size before relaxing)
 .comment       0x00000049       0x4a CMakeFiles/uarttest.elf.dir/Core/Src/stm32f1xx_hal_msp.c.obj
 .comment       0x00000049       0x4a CMakeFiles/uarttest.elf.dir/Core/Src/stm32f1xx_it.c.obj
 .comment       0x00000049       0x4a CMakeFiles/uarttest.elf.dir/Core/Src/system_stm32f1xx.c.obj
 .comment       0x00000049       0x4a CMakeFiles/uarttest.elf.dir/Drivers/STM32F1xx_HAL_Driver/Src/stm32f1xx_hal.c.obj
 .comment       0x00000049       0x4a CMakeFiles/uarttest.elf.dir/Drivers/STM32F1xx_HAL_Driver/Src/stm32f1xx_hal_cortex.c.obj
 .comment       0x00000049       0x4a CMakeFiles/uarttest.elf.dir/Drivers/STM32F1xx_HAL_Driver/Src/stm32f1xx_hal_dma.c.obj
 .comment       0x00000049       0x4a CMakeFiles/uarttest.elf.dir/Drivers/STM32F1xx_HAL_Driver/Src/stm32f1xx_hal_gpio.c.obj
 .comment       0x00000049       0x4a CMakeFiles/uarttest.elf.dir/Drivers/STM32F1xx_HAL_Driver/Src/stm32f1xx_hal_rcc.c.obj
 .comment       0x00000049       0x4a CMakeFiles/uarttest.elf.dir/Drivers/STM32F1xx_HAL_Driver/Src/stm32f1xx_hal_uart.c.obj
 .comment       0x00000049       0x4a CMakeFiles/uarttest.elf.dir/Servo/Src/Servo.c.obj
 .comment       0x00000049       0x4a CMakeFiles/uarttest.elf.dir/movementsTable/movementTable.c.obj

.debug_frame    0x00000000     0x188c
 .debug_frame   0x00000000       0xe4 CMakeFiles/uarttest.elf.dir/Core/Src/main.c.obj
 .debug_frame   0x000000e4       0x64 CMakeFiles/uarttest.elf.dir/Core/Src/stm32f1xx_hal_msp.c.obj
 .debug_frame   0x00000148      0x160 CMakeFiles/uarttest.elf.dir/Core/Src/stm32f1xx_it.c.obj
 .debug_frame   0x000002a8       0x30 CMakeFiles/uarttest.elf.dir/Core/Src/system_stm32f1xx.c.obj
 .debug_frame   0x000002d8      0x1cc CMakeFiles/uarttest.elf.dir/Drivers/STM32F1xx_HAL_Driver/Src/stm32f1xx_hal.c.obj
 .debug_frame   0x000004a4      0x118 CMakeFiles/uarttest.elf.dir/Drivers/STM32F1xx_HAL_Driver/Src/stm32f1xx_hal_cortex.c.obj
 .debug_frame   0x000005bc      0x140 CMakeFiles/uarttest.elf.dir/Drivers/STM32F1xx_HAL_Driver/Src/stm32f1xx_hal_dma.c.obj
 .debug_frame   0x000006fc       0xe4 CMakeFiles/uarttest.elf.dir/Drivers/STM32F1xx_HAL_Driver/Src/stm32f1xx_hal_gpio.c.obj
 .debug_frame   0x000007e0      0x190 CMakeFiles/uarttest.elf.dir/Drivers/STM32F1xx_HAL_Driver/Src/stm32f1xx_hal_rcc.c.obj
 .debug_frame   0x00000970      0x5c4 CMakeFiles/uarttest.elf.dir/Drivers/STM32F1xx_HAL_Driver/Src/stm32f1xx_hal_uart.c.obj
 .debug_frame   0x00000f34      0x17c CMakeFiles/uarttest.elf.dir/Servo/Src/Servo.c.obj
 .debug_frame   0x000010b0      0x4f4 CMakeFiles/uarttest.elf.dir/movementsTable/movementTable.c.obj
 .debug_frame   0x000015a4       0xac c:/progra~2/gnuarm~1/102021~1.10/bin/../lib/gcc/arm-none-eabi/10.3.1/thumb/v7-m/nofp\libgcc.a(_arm_addsubdf3.o)
 .debug_frame   0x00001650       0x50 c:/progra~2/gnuarm~1/102021~1.10/bin/../lib/gcc/arm-none-eabi/10.3.1/thumb/v7-m/nofp\libgcc.a(_arm_muldivdf3.o)
 .debug_frame   0x000016a0       0x2c c:/progra~2/gnuarm~1/102021~1.10/bin/../lib/gcc/arm-none-eabi/10.3.1/../../../../arm-none-eabi/lib/thumb/v7-m/nofp\libg.a(lib_a-init.o)
 .debug_frame   0x000016cc       0x2c c:/progra~2/gnuarm~1/102021~1.10/bin/../lib/gcc/arm-none-eabi/10.3.1/../../../../arm-none-eabi/lib/thumb/v7-m/nofp\libg.a(lib_a-memset.o)
 .debug_frame   0x000016f8       0x5c c:/progra~2/gnuarm~1/102021~1.10/bin/../lib/gcc/arm-none-eabi/10.3.1/../../../../arm-none-eabi/lib/thumb/v7-m/nofp\libg.a(lib_a-__call_atexit.o)
 .debug_frame   0x00001754       0x20 c:/progra~2/gnuarm~1/102021~1.10/bin/../lib/gcc/arm-none-eabi/10.3.1/../../../../arm-none-eabi/lib/thumb/v7-m/nofp\libg.a(lib_a-atexit.o)
 .debug_frame   0x00001774       0x34 c:/progra~2/gnuarm~1/102021~1.10/bin/../lib/gcc/arm-none-eabi/10.3.1/../../../../arm-none-eabi/lib/thumb/v7-m/nofp\libg.a(lib_a-fini.o)
 .debug_frame   0x000017a8       0xb0 c:/progra~2/gnuarm~1/102021~1.10/bin/../lib/gcc/arm-none-eabi/10.3.1/../../../../arm-none-eabi/lib/thumb/v7-m/nofp\libg.a(lib_a-lock.o)
 .debug_frame   0x00001858       0x34 c:/progra~2/gnuarm~1/102021~1.10/bin/../lib/gcc/arm-none-eabi/10.3.1/../../../../arm-none-eabi/lib/thumb/v7-m/nofp\libg.a(lib_a-__atexit.o)

.debug_loc      0x00000000     0x4832
 .debug_loc     0x00000000      0x147 CMakeFiles/uarttest.elf.dir/Core/Src/stm32f1xx_hal_msp.c.obj
 .debug_loc     0x00000147      0x11e CMakeFiles/uarttest.elf.dir/Core/Src/stm32f1xx_it.c.obj
 .debug_loc     0x00000265       0xff CMakeFiles/uarttest.elf.dir/Core/Src/system_stm32f1xx.c.obj
 .debug_loc     0x00000364      0x141 CMakeFiles/uarttest.elf.dir/Drivers/STM32F1xx_HAL_Driver/Src/stm32f1xx_hal.c.obj
 .debug_loc     0x000004a5      0x71f CMakeFiles/uarttest.elf.dir/Drivers/STM32F1xx_HAL_Driver/Src/stm32f1xx_hal_cortex.c.obj
 .debug_loc     0x00000bc4      0x7ce CMakeFiles/uarttest.elf.dir/Drivers/STM32F1xx_HAL_Driver/Src/stm32f1xx_hal_dma.c.obj
 .debug_loc     0x00001392      0x47d CMakeFiles/uarttest.elf.dir/Drivers/STM32F1xx_HAL_Driver/Src/stm32f1xx_hal_gpio.c.obj
 .debug_loc     0x0000180f      0x63e CMakeFiles/uarttest.elf.dir/Drivers/STM32F1xx_HAL_Driver/Src/stm32f1xx_hal_rcc.c.obj
 .debug_loc     0x00001e4d     0x2037 CMakeFiles/uarttest.elf.dir/Drivers/STM32F1xx_HAL_Driver/Src/stm32f1xx_hal_uart.c.obj
 .debug_loc     0x00003e84      0x9ae CMakeFiles/uarttest.elf.dir/Servo/Src/Servo.c.obj
